// Jest Snapshot v1, https://goo.gl/fbAQLP

exports[`<Container /> should be able to render correctly 1`] = `
<div>
  <div
    class="sc-bczRLJ dMVYVK"
  />
</div>
`;
